// Jest Snapshot v1, https://goo.gl/fbAQLP

exports[`<TextBlock /> render() renders the component 1`] = `<div />`;
