// Jest Snapshot v1, https://goo.gl/fbAQLP

exports[`MenuSection should render menu component correctly 1`] = `
<div>
  <h4>
    potatoes
  </h4>
  <MenuItem
    details={
      Object {
        "item_name": 1,
      }
    }
    key="1"
  />
  <MenuItem
    details={
      Object {
        "item_name": 2,
      }
    }
    key="2"
  />
  <MenuItem
    details={
      Object {
        "item_name": 3,
      }
    }
    key="3"
  />
  <br />
</div>
`;
